
2025-12-04 13:44:42 crtsurfdata开始运行
2025-12-04 13:44:42 生成数据文件/A/idc/observedata/observe_data20251204134400.csv成功,数据时间20251204134400,记录数839。
2025-12-04 13:44:42 生成数据文件/A/idc/observedata/observe_data20251204134400.xml成功,数据时间20251204134400,记录数839。
2025-12-04 13:44:42 生成数据文件/A/idc/observedata/observe_data20251204134400.json成功,数据时间20251204134400,记录数839。
2025-12-04 13:44:42 crtsurfdata结束运行
2025-12-04 15:39:41 crtsurfdata开始运行
2025-12-04 15:39:41 生成数据文件/A/idc/observedata/observe_data20251204153900.csv成功,数据时间20251204153900,记录数839。
2025-12-04 15:39:41 生成数据文件/A/idc/observedata/observe_data20251204153900.xml成功,数据时间20251204153900,记录数839。
2025-12-04 15:39:41 生成数据文件/A/idc/observedata/observe_data20251204153900.json成功,数据时间20251204153900,记录数839。
2025-12-04 15:39:41 crtsurfdata结束运行
2025-12-10 14:02:06 crtsurfdata开始运行
2025-12-10 14:02:06 生成数据文件/A/idc/observedata/observe_data20251210140200.csv成功,数据时间20251210140200,记录数839。
2025-12-10 14:02:06 生成数据文件/A/idc/observedata/observe_data20251210140200.xml成功,数据时间20251210140200,记录数839。
2025-12-10 14:02:06 生成数据文件/A/idc/observedata/observe_data20251210140200.json成功,数据时间20251210140200,记录数839。
2025-12-10 14:02:06 crtsurfdata结束运行
2025-12-10 14:03:06 crtsurfdata开始运行
2025-12-10 14:03:06 生成数据文件/A/idc/observedata/observe_data20251210140300.csv成功,数据时间20251210140300,记录数839。
2025-12-10 14:03:06 生成数据文件/A/idc/observedata/observe_data20251210140300.xml成功,数据时间20251210140300,记录数839。
2025-12-10 14:03:06 生成数据文件/A/idc/observedata/observe_data20251210140300.json成功,数据时间20251210140300,记录数839。
2025-12-10 14:03:06 crtsurfdata结束运行
2025-12-10 14:04:06 crtsurfdata开始运行
2025-12-10 14:04:06 生成数据文件/A/idc/observedata/observe_data20251210140400.csv成功,数据时间20251210140400,记录数839。
2025-12-10 14:04:06 生成数据文件/A/idc/observedata/observe_data20251210140400.xml成功,数据时间20251210140400,记录数839。
2025-12-10 14:04:07 生成数据文件/A/idc/observedata/observe_data20251210140400.json成功,数据时间20251210140400,记录数839。
2025-12-10 14:04:07 crtsurfdata结束运行
2025-12-10 14:10:55 crtsurfdata开始运行
2025-12-10 14:10:55 生成数据文件/A/idc/observedata/observe_data20251210141000.csv成功,数据时间20251210141000,记录数839。
2025-12-10 14:10:55 生成数据文件/A/idc/observedata/observe_data20251210141000.xml成功,数据时间20251210141000,记录数839。
2025-12-10 14:10:55 生成数据文件/A/idc/observedata/observe_data20251210141000.json成功,数据时间20251210141000,记录数839。
2025-12-10 14:10:55 crtsurfdata结束运行
2025-12-10 14:40:21 crtsurfdata开始运行
2025-12-10 14:40:21 生成数据文件/A/idc/observedata/observe_data20251210144000.csv成功,数据时间20251210144000,记录数839。
2025-12-10 14:40:21 生成数据文件/A/idc/observedata/observe_data20251210144000.xml成功,数据时间20251210144000,记录数839。
2025-12-10 14:40:21 生成数据文件/A/idc/observedata/observe_data20251210144000.json成功,数据时间20251210144000,记录数839。
2025-12-10 14:40:21 crtsurfdata结束运行
2025-12-10 14:46:53 crtsurfdata开始运行
2025-12-10 14:46:53 生成数据文件/A/idc/observedata/observe_data20251210144600.csv成功,数据时间20251210144600,记录数839。
2025-12-10 14:46:53 生成数据文件/A/idc/observedata/observe_data20251210144600.xml成功,数据时间20251210144600,记录数839。
2025-12-10 14:46:53 生成数据文件/A/idc/observedata/observe_data20251210144600.json成功,数据时间20251210144600,记录数839。
2025-12-10 14:46:53 crtsurfdata结束运行
2025-12-10 14:50:40 crtsurfdata开始运行
2025-12-10 14:50:40 生成数据文件/A/idc/observedata/observe_data20251210145000.csv成功,数据时间20251210145000,记录数839。
2025-12-10 14:50:40 生成数据文件/A/idc/observedata/observe_data20251210145000.xml成功,数据时间20251210145000,记录数839。
2025-12-10 14:50:40 生成数据文件/A/idc/observedata/observe_data20251210145000.json成功,数据时间20251210145000,记录数839。
2025-12-10 14:50:40 crtsurfdata结束运行
2025-12-10 14:57:50 crtsurfdata开始运行
2025-12-10 14:57:50 生成数据文件/A/idc/observedata/observe_data20251210145700.csv成功,数据时间20251210145700,记录数839。
2025-12-10 14:57:50 生成数据文件/A/idc/observedata/observe_data20251210145700.xml成功,数据时间20251210145700,记录数839。
2025-12-10 14:57:50 生成数据文件/A/idc/observedata/observe_data20251210145700.json成功,数据时间20251210145700,记录数839。
2025-12-10 14:57:50 crtsurfdata结束运行
2025-12-10 14:58:43 crtsurfdata开始运行
2025-12-10 14:58:43 生成数据文件/A/idc/observedata/observe_data20251210145800.csv成功,数据时间20251210145800,记录数839。
2025-12-10 14:58:43 生成数据文件/A/idc/observedata/observe_data20251210145800.xml成功,数据时间20251210145800,记录数839。
2025-12-10 14:58:43 生成数据文件/A/idc/observedata/observe_data20251210145800.json成功,数据时间20251210145800,记录数839。
2025-12-10 14:58:43 crtsurfdata结束运行
2025-12-10 15:00:45 crtsurfdata开始运行
2025-12-10 15:00:45 生成数据文件/A/idc/observedata/observe_data20251210150000.csv成功,数据时间20251210150000,记录数839。
2025-12-10 15:00:45 生成数据文件/A/idc/observedata/observe_data20251210150000.xml成功,数据时间20251210150000,记录数839。
2025-12-10 15:00:45 生成数据文件/A/idc/observedata/observe_data20251210150000.json成功,数据时间20251210150000,记录数839。
2025-12-10 15:00:45 crtsurfdata结束运行
2025-12-10 15:01:52 crtsurfdata开始运行
2025-12-10 15:01:52 生成数据文件/A/idc/observedata/observe_data20251210150100.csv成功,数据时间20251210150100,记录数839。
2025-12-10 15:01:52 生成数据文件/A/idc/observedata/observe_data20251210150100.xml成功,数据时间20251210150100,记录数839。
2025-12-10 15:01:52 生成数据文件/A/idc/observedata/observe_data20251210150100.json成功,数据时间20251210150100,记录数839。
2025-12-10 15:01:52 crtsurfdata结束运行
2025-12-10 15:04:28 crtsurfdata开始运行
2025-12-10 15:04:28 生成数据文件/A/idc/observedata/observe_data20251210150400.csv成功,数据时间20251210150400,记录数839。
2025-12-10 15:04:28 生成数据文件/A/idc/observedata/observe_data20251210150400.xml成功,数据时间20251210150400,记录数839。
2025-12-10 15:04:28 生成数据文件/A/idc/observedata/observe_data20251210150400.json成功,数据时间20251210150400,记录数839。
2025-12-10 15:04:28 crtsurfdata结束运行
2025-12-10 15:13:58 crtsurfdata开始运行
2025-12-10 15:13:58 生成数据文件/A/idc/observedata/observe_data20251210151300.csv成功,数据时间20251210151300,记录数839。
2025-12-10 15:13:58 生成数据文件/A/idc/observedata/observe_data20251210151300.xml成功,数据时间20251210151300,记录数839。
2025-12-10 15:13:58 生成数据文件/A/idc/observedata/observe_data20251210151300.json成功,数据时间20251210151300,记录数839。
2025-12-10 15:13:58 crtsurfdata结束运行
2025-12-26 14:09:09 crtsurfdata开始运行
2025-12-26 14:09:09 ofile.open(/A/idc/observedata/observe_data20251226140900.csv) failed.
2025-12-26 14:09:09 ofile.open(/A/idc/observedata/observe_data20251226140900.xml) failed.
2025-12-26 14:09:09 ofile.open(/A/idc/observedata/observe_data20251226140900.json) failed.
2025-12-26 14:09:09 crtsurfdata结束运行
2025-12-26 14:10:06 crtsurfdata开始运行
2025-12-26 14:10:06 ofile.open(/A/idc/observedata/observe_data20251226141000.csv) failed.
2025-12-26 14:10:06 ofile.open(/A/idc/observedata/observe_data20251226141000.xml) failed.
2025-12-26 14:10:06 ofile.open(/A/idc/observedata/observe_data20251226141000.json) failed.
2025-12-26 14:10:06 crtsurfdata结束运行
2025-12-26 14:15:05 crtsurfdata开始运行
2025-12-26 14:15:05 生成数据文件/A/idc/observedata/observe_data20251226141500.csv成功,数据时间20251226141500,记录数839。
2025-12-26 14:15:05 生成数据文件/A/idc/observedata/observe_data20251226141500.xml成功,数据时间20251226141500,记录数839。
2025-12-26 14:15:05 生成数据文件/A/idc/observedata/observe_data20251226141500.json成功,数据时间20251226141500,记录数839。
2025-12-26 14:15:05 crtsurfdata结束运行
2025-12-26 14:16:50 crtsurfdata开始运行
2025-12-26 14:16:50 生成数据文件/A/idc/observedata/observe_data20251226141600.csv成功,数据时间20251226141600,记录数839。
2025-12-26 14:16:50 生成数据文件/A/idc/observedata/observe_data20251226141600.xml成功,数据时间20251226141600,记录数839。
2025-12-26 14:16:50 生成数据文件/A/idc/observedata/observe_data20251226141600.json成功,数据时间20251226141600,记录数839。
2025-12-26 14:16:50 crtsurfdata结束运行
2025-12-26 16:04:30 crtsurfdata开始运行
2025-12-26 16:04:30 生成数据文件/A/idc/observedata/observe_data20251226160400.csv成功,数据时间20251226160400,记录数839。
2025-12-26 16:04:30 生成数据文件/A/idc/observedata/observe_data20251226160400.xml成功,数据时间20251226160400,记录数839。
2025-12-26 16:04:30 生成数据文件/A/idc/observedata/observe_data20251226160400.json成功,数据时间20251226160400,记录数839。
2025-12-26 16:04:30 crtsurfdata结束运行
2025-12-26 16:05:24 crtsurfdata开始运行
2025-12-26 16:05:24 生成数据文件/A/idc/observedata/observe_data20251226160500.csv成功,数据时间20251226160500,记录数839。
2025-12-26 16:05:24 生成数据文件/A/idc/observedata/observe_data20251226160500.xml成功,数据时间20251226160500,记录数839。
2025-12-26 16:05:24 生成数据文件/A/idc/observedata/observe_data20251226160500.json成功,数据时间20251226160500,记录数839。
2025-12-26 16:05:24 crtsurfdata结束运行
